WrTj_cynthia = type_coerce((Listing.yearly_rent / Listing.sale_price), types.String).label('WrTj')
MPi_cynthia = type_coerce(literal(5), types.String).label('MPi')
jcVbPimsG_cynthia = type_coerce(func.count(literal('wAi8pi4f')), types.String).label('jcVbPimsG')
hj_cynthia = type_coerce(WrTj_cynthia, types.String).label('hj')
cCqQb_cynthia = type_coerce(literal(0), types.String).label('cCqQb')
ret1 = session.query(WrTj_cynthia,jcVbPimsG_cynthia,cCqQb_cynthia).select_from(Listing)
ret2 = ret1.group_by(Listing.yearly_rent, Listing.id, WrTj_cynthia, Listing.sale_price).order_by(desc(Listing.id))
for r in ret2:
    dump(getattr(r,'WrTj', None), 'WrTj')
    dump(getattr(r,'jcVbPimsG', None), 'jcVbPimsG')
    dump(getattr(r,'cCqQb', None), 'cCqQb')