ret1 = session.query(Listing)
ret2 = ret1.filter(not_(Listing.foo==literal('bar'))).group_by()