Listing = require('./listing.js')(sequelize, Sequelize)
QpUmZQeX_cynthia = sequelize.cast(sequelize.fn('count', sequelize.col('listing.id')),'signed')
dvdddN_cynthia = sequelize.cast(sequelize.literal(`(\'p4d\' * \'qYCGT\')`),'float')
ret1 = Listing.findAll({
attributes: [
 [QpUmZQeX_cynthia, 'QpUmZQeX']],
group: ['listing.id'],
offset: 0
})
ret1.then((x) => {
  sequelize.close()
  x.forEach((x) => {
      dump(x === null ? x : x.dataValues.QpUmZQeX, 'QpUmZQeX')
  })
}).catch(x => { sequelize.close(); throw x; })