Listing = require('./listing.js')(sequelize, Sequelize)
count_cynthia = sequelize.cast(sequelize.fn('count', '*'),'signed')
ret1 = Listing.count({
offset: 0
})
ret1.then((x) => {
  sequelize.close()
    dump(x, 'count')
}).catch(x => { sequelize.close(); throw x; })