Listing = require('./listing.js')(sequelize, Sequelize)
max_cynthia = sequelize.cast(sequelize.fn('max', sequelize.col('listing.foo')),'varchar(100)')
min_cynthia = sequelize.cast(sequelize.fn('min', sequelize.col('listing.foo')),'varchar(100)')
ret1 = Listing.findAll({
attributes: [
 [max_cynthia, 'max'],
    [min_cynthia, 'min']],
offset: 0
})
ret1.then((x) => {
  sequelize.close()
    dump(x[0] === null ? x[0] : x[0].dataValues.max, 'max')
  dump(x[0] === null ? x[0] : x[0].dataValues.min, 'min')
}).catch(x => { sequelize.close(); throw x; })