ret1 = Review.objects.using('default')
ret2 = ret1.filter(rating__gte=Value(2)).order_by('-book__title','reviewer_name','-id').values()[1:1 + 3]
for r in ret2:

    if(isinstance(r, dict)):
        dump(r.get('_default', None), '_default')
    else:
        dump(getattr(r, '_default', None), '_default')