ret1 = Listing.select("count(listing.id) as \"FPCwjJlb\"").group("Listing.id").all