ret1 = Listing.select("listing.sale_price as \"sales\"").select("listing.foo as \"fooF\"").select("avg((listing.sale_price*listing.sale_price)) as \"squared\"").group("listing.sale_price", "listing.foo", "Listing.sale_price", "Listing.foo").all
for i in ret1
  begin
    dump(i.sales, 'sales')
  rescue
    dump(i, 'sales')
  end
  begin
    dump(i.fooF, 'fooF')
  rescue
    dump(i, 'fooF')
  end
  begin
    dump(i.squared, 'squared')
  rescue
    dump(i, 'squared')
  end
end