ret1 = Listing.where.not(["listing.foo = ?", 'bar']).all
for i in ret1
  begin
    dump(i._default, '_default')
  rescue
    dump(i, '_default')
  end
end